<html>
<body>
<pre>
<h1>礦ision Build Log</h1>
<h2>Project:</h2>
F:\3-VB临时\temp.uvproj
Project File Date:  04/01/2016

<h2>Output:</h2>
Build target 'temp'
compiling main.c...
user\main.c(20): error:  #20: identifier "index" is undefined
user\main.c:    SOLGUI_Init(&index);
user\main.c:                 ^
user\main.c: user\main.c: 0 warnings, 1 error
compiling stm32f10x_it.c...
compiling pixelC_HW_flagLight.c...
compiling pixelC_HW_Key.c...
compiling pixelC_HW_Port.c...
compiling pixelC_HW_SDcard.c...
compiling pixelC_HW_OLED.c...
compiling pixelC_HW_24C02.c...
compiling SOLGUI_Hardware.c...
compiling SOLGUI_Common.c...
compiling Font4x6_ASCII.c...
compiling Font6x8_ASCII.c...
compiling Font8x8_ASCII.c...
compiling Font8x10_ASCII.c...
compiling SOLGUI_Printf.c...
compiling SOLGUI_GBasic.c...
compiling SOLGUI_Picture.c...
compiling SOLGUI_Menu.c...
compiling SOLGUI_Widget.c...
compiling system.c...
compiling malloc.c...
compiling delay.c...
compiling I2C.c...
compiling SPI.c...
compiling diskio.c...
compiling ff.c...
assembling cortexm3_macro.s...
assembling stm32f10x_vector.s...
Target not created
Build target 'temp'
compiling main.c...
linking...
Program Size: Code=7806 RO-data=1326 RW-data=316 ZI-data=3244  
FromELF: creating hex file...
".\output\temp.axf" - 0 Error(s), 0 Warning(s).
Build target 'temp'
compiling main.c...
compiling stm32f10x_it.c...
compiling pixelC_HW_flagLight.c...
compiling pixelC_HW_Key.c...
compiling pixelC_HW_Port.c...
compiling pixelC_HW_SDcard.c...
compiling pixelC_HW_OLED.c...
compiling pixelC_HW_24C02.c...
compiling SOLGUI_Hardware.c...
compiling SOLGUI_Common.c...
compiling Font4x6_ASCII.c...
compiling Font6x8_ASCII.c...
compiling Font8x8_ASCII.c...
compiling Font8x10_ASCII.c...
compiling SOLGUI_Printf.c...
compiling SOLGUI_GBasic.c...
compiling SOLGUI_Picture.c...
compiling SOLGUI_Menu.c...
compiling SOLGUI_Widget.c...
compiling Badapple_Player.c...
compiling system.c...
compiling malloc.c...
compiling delay.c...
compiling I2C.c...
compiling SPI.c...
compiling diskio.c...
compiling ff.c...
assembling cortexm3_macro.s...
assembling stm32f10x_vector.s...
linking...
Program Size: Code=7806 RO-data=1326 RW-data=316 ZI-data=3244  
FromELF: creating hex file...
".\output\temp.axf" - 0 Error(s), 0 Warning(s).
Build target 'temp'
compiling main.c...
compiling Badapple_Player.c...
linking...
Program Size: Code=7810 RO-data=1326 RW-data=316 ZI-data=3244  
FromELF: creating hex file...
".\output\temp.axf" - 0 Error(s), 0 Warning(s).
Build target 'temp'
compiling main.c...
compiling stm32f10x_it.c...
compiling pixelC_HW_flagLight.c...
compiling pixelC_HW_Key.c...
compiling pixelC_HW_Port.c...
compiling pixelC_HW_SDcard.c...
compiling pixelC_HW_OLED.c...
compiling pixelC_HW_24C02.c...
compiling SOLGUI_Hardware.c...
compiling SOLGUI_Common.c...
compiling Font4x6_ASCII.c...
compiling Font6x8_ASCII.c...
compiling Font8x8_ASCII.c...
compiling Font8x10_ASCII.c...
compiling SOLGUI_Printf.c...
compiling SOLGUI_GBasic.c...
compiling SOLGUI_Picture.c...
compiling SOLGUI_Menu.c...
compiling SOLGUI_Widget.c...
compiling Badapple_Player.c...
Moduel\Badapple_Player.c(33): error: At end of source:  #40: expected an identifier
Moduel\Badapple_Player.c(33): error: At end of source:  #65: expected a ";"
Moduel\Badapple_Player.c: Moduel\Badapple_Player.c: 0 warnings, 2 errors
compiling system.c...
compiling malloc.c...
compiling delay.c...
compiling I2C.c...
compiling SPI.c...
compiling diskio.c...
compiling ff.c...
assembling cortexm3_macro.s...
assembling stm32f10x_vector.s...
Target not created
Build target 'temp'
compiling main.c...
compiling pixelC_HW_flagLight.c...
compiling pixelC_HW_Key.c...
compiling pixelC_HW_Port.c...
compiling pixelC_HW_SDcard.c...
compiling pixelC_HW_OLED.c...
compiling pixelC_HW_24C02.c...
compiling Badapple_Player.c...
Moduel\Badapple_Player.c(33): error: At end of source:  #40: expected an identifier
Moduel\Badapple_Player.c(33): error: At end of source:  #65: expected a ";"
Moduel\Badapple_Player.c: Moduel\Badapple_Player.c: 0 warnings, 2 errors
compiling diskio.c...
Target not created
Build target 'temp'
compiling main.c...
compiling stm32f10x_it.c...
compiling pixelC_HW_flagLight.c...
compiling pixelC_HW_Key.c...
compiling pixelC_HW_Port.c...
compiling pixelC_HW_SDcard.c...
compiling pixelC_HW_OLED.c...
compiling pixelC_HW_24C02.c...
compiling SOLGUI_Hardware.c...
compiling SOLGUI_Common.c...
compiling Font4x6_ASCII.c...
compiling Font6x8_ASCII.c...
compiling Font8x8_ASCII.c...
compiling Font8x10_ASCII.c...
compiling SOLGUI_Printf.c...
compiling SOLGUI_GBasic.c...
compiling SOLGUI_Picture.c...
compiling SOLGUI_Menu.c...
compiling SOLGUI_Widget.c...
compiling Badapple_Player.c...
compiling system.c...
compiling malloc.c...
compiling delay.c...
compiling I2C.c...
compiling SPI.c...
compiling diskio.c...
compiling ff.c...
assembling cortexm3_macro.s...
assembling stm32f10x_vector.s...
linking...
Program Size: Code=7810 RO-data=1326 RW-data=316 ZI-data=3244  
FromELF: creating hex file...
".\output\temp.axf" - 0 Error(s), 0 Warning(s).
Build target 'temp'
compiling main.c...
compiling pixelC_HW_flagLight.c...
compiling pixelC_HW_Key.c...
compiling pixelC_HW_Port.c...
compiling pixelC_HW_SDcard.c...
compiling pixelC_HW_OLED.c...
compiling pixelC_HW_24C02.c...
compiling Badapple_Player.c...
compiling diskio.c...
linking...
Program Size: Code=9466 RO-data=1326 RW-data=316 ZI-data=3244  
FromELF: creating hex file...
".\output\temp.axf" - 0 Error(s), 0 Warning(s).
Build target 'temp'
compiling main.c...
compiling stm32f10x_it.c...
compiling pixelC_HW_flagLight.c...
compiling pixelC_HW_Key.c...
compiling pixelC_HW_Port.c...
compiling pixelC_HW_SDcard.c...
compiling pixelC_HW_OLED.c...
compiling pixelC_HW_24C02.c...
compiling SOLGUI_Hardware.c...
compiling SOLGUI_Common.c...
compiling Font4x6_ASCII.c...
compiling Font6x8_ASCII.c...
compiling Font8x8_ASCII.c...
compiling Font8x10_ASCII.c...
compiling SOLGUI_Printf.c...
compiling SOLGUI_GBasic.c...
compiling SOLGUI_Picture.c...
compiling SOLGUI_Menu.c...
compiling SOLGUI_Widget.c...
compiling Badapple_Player.c...
compiling system.c...
compiling malloc.c...
compiling delay.c...
compiling I2C.c...
compiling SPI.c...
compiling diskio.c...
compiling ff.c...
assembling cortexm3_macro.s...
assembling stm32f10x_vector.s...
linking...
Program Size: Code=19994 RO-data=1370 RW-data=324 ZI-data=4356  
FromELF: creating hex file...
".\output\temp.axf" - 0 Error(s), 0 Warning(s).
Build target 'temp'
compiling main.c...
compiling stm32f10x_it.c...
compiling pixelC_HW_flagLight.c...
compiling pixelC_HW_Key.c...
compiling pixelC_HW_Port.c...
compiling pixelC_HW_SDcard.c...
compiling pixelC_HW_OLED.c...
compiling pixelC_HW_24C02.c...
compiling SOLGUI_Hardware.c...
compiling SOLGUI_Common.c...
compiling Font4x6_ASCII.c...
compiling Font6x8_ASCII.c...
compiling Font8x8_ASCII.c...
compiling Font8x10_ASCII.c...
compiling SOLGUI_Printf.c...
compiling SOLGUI_GBasic.c...
compiling SOLGUI_Picture.c...
compiling SOLGUI_Menu.c...
compiling SOLGUI_Widget.c...
compiling Badapple_Player.c...
compiling system.c...
compiling malloc.c...
compiling delay.c...
compiling I2C.c...
compiling SPI.c...
compiling diskio.c...
compiling ff.c...
assembling cortexm3_macro.s...
assembling stm32f10x_vector.s...
linking...
Program Size: Code=19994 RO-data=1370 RW-data=324 ZI-data=4356  
FromELF: creating hex file...
".\output\temp.axf" - 0 Error(s), 0 Warning(s).
Build target 'temp'
compiling Badapple_Player.c...
linking...
Program Size: Code=19994 RO-data=1370 RW-data=324 ZI-data=4356  
FromELF: creating hex file...
".\output\temp.axf" - 0 Error(s), 0 Warning(s).
Build target 'temp'
compiling Badapple_Player.c...
linking...
Program Size: Code=28102 RO-data=1370 RW-data=324 ZI-data=4356  
FromELF: creating hex file...
".\output\temp.axf" - 0 Error(s), 0 Warning(s).
Build target 'temp'
compiling Badapple_Player.c...
linking...
Program Size: Code=28110 RO-data=1370 RW-data=328 ZI-data=4352  
FromELF: creating hex file...
".\output\temp.axf" - 0 Error(s), 0 Warning(s).
Build target 'temp'
compiling main.c...
compiling stm32f10x_it.c...
compiling pixelC_HW_flagLight.c...
compiling pixelC_HW_Key.c...
compiling pixelC_HW_Port.c...
compiling pixelC_HW_SDcard.c...
compiling pixelC_HW_OLED.c...
compiling pixelC_HW_24C02.c...
compiling SOLGUI_Hardware.c...
compiling SOLGUI_Common.c...
compiling Font4x6_ASCII.c...
compiling Font6x8_ASCII.c...
compiling Font8x8_ASCII.c...
compiling Font8x10_ASCII.c...
compiling SOLGUI_Printf.c...
compiling SOLGUI_GBasic.c...
compiling SOLGUI_Picture.c...
compiling SOLGUI_Menu.c...
compiling SOLGUI_Widget.c...
compiling Badapple_Player.c...
compiling system.c...
compiling malloc.c...
compiling delay.c...
compiling I2C.c...
compiling SPI.c...
compiling diskio.c...
compiling ff.c...
assembling cortexm3_macro.s...
assembling stm32f10x_vector.s...
linking...
Program Size: Code=28110 RO-data=1370 RW-data=328 ZI-data=4352  
FromELF: creating hex file...
".\output\temp.axf" - 0 Error(s), 0 Warning(s).
Build target 'temp'
compiling Badapple_Player.c...
linking...
Program Size: Code=28110 RO-data=1370 RW-data=328 ZI-data=4352  
FromELF: creating hex file...
".\output\temp.axf" - 0 Error(s), 0 Warning(s).
Build target 'temp'
compiling Badapple_Player.c...
linking...
Program Size: Code=28130 RO-data=1370 RW-data=328 ZI-data=4872  
FromELF: creating hex file...
".\output\temp.axf" - 0 Error(s), 0 Warning(s).
Build target 'temp'
compiling main.c...
compiling stm32f10x_it.c...
compiling pixelC_HW_flagLight.c...
compiling pixelC_HW_Key.c...
compiling pixelC_HW_Port.c...
compiling pixelC_HW_SDcard.c...
compiling pixelC_HW_OLED.c...
compiling pixelC_HW_24C02.c...
compiling SOLGUI_Hardware.c...
compiling SOLGUI_Common.c...
compiling Font4x6_ASCII.c...
compiling Font6x8_ASCII.c...
compiling Font8x8_ASCII.c...
compiling Font8x10_ASCII.c...
compiling SOLGUI_Printf.c...
compiling SOLGUI_GBasic.c...
compiling SOLGUI_Picture.c...
compiling SOLGUI_Menu.c...
compiling SOLGUI_Widget.c...
compiling Badapple_Player.c...
Moduel\Badapple_Player.c(71): warning:  #223-D: function "CCD_Exposure_Single" declared implicitly
Moduel\Badapple_Player.c:           CCD_Exposure_Single(40);                    //CCD采集
Moduel\Badapple_Player.c:           ^
Moduel\Badapple_Player.c: Moduel\Badapple_Player.c: 1 warning, 0 errors
compiling system.c...
Project build/rebuild aborted.
Target not created
Build target 'temp'
compiling Badapple_Player.c...
compiling stm32f10x_adc.c...
compiling stm32f10x_bkp.c...
compiling stm32f10x_can.c...
compiling stm32f10x_crc.c...
compiling stm32f10x_dac.c...
compiling stm32f10x_dbgmcu.c...
compiling stm32f10x_dma.c...
compiling stm32f10x_exti.c...
compiling stm32f10x_flash.c...
compiling stm32f10x_fsmc.c...
compiling stm32f10x_gpio.c...
compiling stm32f10x_i2c.c...
compiling stm32f10x_iwdg.c...
compiling stm32f10x_lib.c...
compiling stm32f10x_nvic.c...
compiling stm32f10x_pwr.c...
compiling stm32f10x_rcc.c...
compiling stm32f10x_rtc.c...
compiling stm32f10x_sdio.c...
compiling stm32f10x_spi.c...
compiling stm32f10x_systick.c...
compiling stm32f10x_tim.c...
compiling stm32f10x_usart.c...
compiling stm32f10x_wwdg.c...
linking...
Program Size: Code=33330 RO-data=1390 RW-data=328 ZI-data=4872  
FromELF: creating hex file...
".\output\temp.axf" - 0 Error(s), 0 Warning(s).
Build target 'temp'
compiling main.c...
compiling stm32f10x_it.c...
compiling pixelC_HW_flagLight.c...
compiling pixelC_HW_Key.c...
compiling pixelC_HW_Port.c...
compiling pixelC_HW_SDcard.c...
compiling pixelC_HW_OLED.c...
compiling pixelC_HW_24C02.c...
compiling SOLGUI_Hardware.c...
compiling SOLGUI_Common.c...
compiling Font4x6_ASCII.c...
compiling Font6x8_ASCII.c...
compiling Font8x8_ASCII.c...
compiling Font8x10_ASCII.c...
compiling SOLGUI_Printf.c...
compiling SOLGUI_GBasic.c...
compiling SOLGUI_Picture.c...
compiling SOLGUI_Menu.c...
compiling SOLGUI_Widget.c...
compiling Badapple_Player.c...
compiling system.c...
compiling malloc.c...
compiling delay.c...
compiling I2C.c...
compiling SPI.c...
compiling diskio.c...
compiling ff.c...
compiling stm32f10x_adc.c...
compiling stm32f10x_bkp.c...
compiling stm32f10x_can.c...
compiling stm32f10x_crc.c...
compiling stm32f10x_dac.c...
compiling stm32f10x_dbgmcu.c...
compiling stm32f10x_dma.c...
compiling stm32f10x_exti.c...
compiling stm32f10x_flash.c...
compiling stm32f10x_fsmc.c...
compiling stm32f10x_gpio.c...
compiling stm32f10x_i2c.c...
compiling stm32f10x_iwdg.c...
compiling stm32f10x_lib.c...
compiling stm32f10x_nvic.c...
compiling stm32f10x_pwr.c...
compiling stm32f10x_rcc.c...
compiling stm32f10x_rtc.c...
compiling stm32f10x_sdio.c...
compiling stm32f10x_spi.c...
compiling stm32f10x_systick.c...
compiling stm32f10x_tim.c...
compiling stm32f10x_usart.c...
compiling stm32f10x_wwdg.c...
assembling cortexm3_macro.s...
assembling stm32f10x_vector.s...
linking...
Program Size: Code=33330 RO-data=1390 RW-data=328 ZI-data=4872  
FromELF: creating hex file...
".\output\temp.axf" - 0 Error(s), 0 Warning(s).
Build target 'temp'
linking...
Program Size: Code=33330 RO-data=1390 RW-data=328 ZI-data=4872  
FromELF: creating hex file...
".\output\temp.axf" - 0 Error(s), 0 Warning(s).
Build target 'temp'
compiling main.c...
compiling pixelC_HW_flagLight.c...
compiling pixelC_HW_Key.c...
compiling pixelC_HW_Port.c...
compiling pixelC_HW_SDcard.c...
compiling pixelC_HW_OLED.c...
compiling pixelC_HW_24C02.c...
compiling Badapple_Player.c...
compiling diskio.c...
linking...
Program Size: Code=33478 RO-data=1390 RW-data=328 ZI-data=4872  
FromELF: creating hex file...
".\output\temp.axf" - 0 Error(s), 0 Warning(s).
Build target 'temp'
compiling main.c...
user\main.c(10): warning:  #177-D: variable "kv" was declared but never referenced
user\main.c:    u8 kv=0;
user\main.c:       ^
user\main.c: user\main.c: 1 warning, 0 errors
linking...
Program Size: Code=33462 RO-data=1390 RW-data=328 ZI-data=4872  
FromELF: creating hex file...
".\output\temp.axf" - 0 Error(s), 1 Warning(s).
Build target 'temp'
compiling main.c...
linking...
Program Size: Code=33478 RO-data=1390 RW-data=328 ZI-data=4872  
FromELF: creating hex file...
".\output\temp.axf" - 0 Error(s), 0 Warning(s).
Build target 'temp'
compiling Badapple_Player.c...
Moduel\Badapple_Player.c(17): error:  #29: expected an expression
Moduel\Badapple_Player.c:   __M_PAGE(page,"badapple",PAGE_NULL,{
Moduel\Badapple_Player.c:   ^
Moduel\Badapple_Player.c: Moduel\Badapple_Player.c: 0 warnings, 1 error
Target not created
Build target 'temp'
compiling Badapple_Player.c...
linking...
Program Size: Code=33470 RO-data=1390 RW-data=328 ZI-data=4872  
FromELF: creating hex file...
".\output\temp.axf" - 0 Error(s), 0 Warning(s).
Build target 'temp'
compiling main.c...
linking...
Program Size: Code=33466 RO-data=1390 RW-data=328 ZI-data=4872  
FromELF: creating hex file...
".\output\temp.axf" - 0 Error(s), 0 Warning(s).
Build target 'temp'
linking...
Program Size: Code=33466 RO-data=1390 RW-data=328 ZI-data=4872  
FromELF: creating hex file...
".\output\temp.axf" - 0 Error(s), 0 Warning(s).
Build target 'temp'
compiling main.c...
linking...
Program Size: Code=33470 RO-data=1390 RW-data=328 ZI-data=4872  
FromELF: creating hex file...
".\output\temp.axf" - 0 Error(s), 0 Warning(s).
Build target 'temp'
linking...
Program Size: Code=33470 RO-data=1390 RW-data=328 ZI-data=4872  
FromELF: creating hex file...
".\output\temp.axf" - 0 Error(s), 0 Warning(s).
Build target 'temp'
compiling Badapple_Player.c...
linking...
Program Size: Code=33470 RO-data=1390 RW-data=328 ZI-data=4872  
FromELF: creating hex file...
".\output\temp.axf" - 0 Error(s), 0 Warning(s).
Build target 'temp'
compiling main.c...
compiling stm32f10x_it.c...
compiling pixelC_HW_flagLight.c...
compiling pixelC_HW_Key.c...
compiling pixelC_HW_Port.c...
compiling pixelC_HW_SDcard.c...
compiling pixelC_HW_OLED.c...
compiling pixelC_HW_24C02.c...
compiling SOLGUI_Hardware.c...
compiling SOLGUI_Common.c...
compiling Font4x6_ASCII.c...
compiling Font6x8_ASCII.c...
compiling Font8x8_ASCII.c...
compiling Font8x10_ASCII.c...
compiling SOLGUI_Printf.c...
compiling SOLGUI_GBasic.c...
compiling SOLGUI_Picture.c...
compiling SOLGUI_Menu.c...
compiling SOLGUI_Widget.c...
compiling Badapple_Player.c...
compiling system.c...
compiling malloc.c...
compiling delay.c...
compiling I2C.c...
compiling SPI.c...
compiling diskio.c...
compiling ff.c...
compiling stm32f10x_adc.c...
compiling stm32f10x_bkp.c...
compiling stm32f10x_can.c...
compiling stm32f10x_crc.c...
compiling stm32f10x_dac.c...
compiling stm32f10x_dbgmcu.c...
compiling stm32f10x_dma.c...
compiling stm32f10x_exti.c...
compiling stm32f10x_flash.c...
compiling stm32f10x_fsmc.c...
compiling stm32f10x_gpio.c...
compiling stm32f10x_i2c.c...
compiling stm32f10x_iwdg.c...
compiling stm32f10x_lib.c...
compiling stm32f10x_nvic.c...
compiling stm32f10x_pwr.c...
compiling stm32f10x_rcc.c...
compiling stm32f10x_rtc.c...
compiling stm32f10x_sdio.c...
compiling stm32f10x_spi.c...
compiling stm32f10x_systick.c...
compiling stm32f10x_tim.c...
compiling stm32f10x_usart.c...
compiling stm32f10x_wwdg.c...
assembling cortexm3_macro.s...
assembling stm32f10x_vector.s...
linking...
Program Size: Code=33478 RO-data=1390 RW-data=328 ZI-data=4872  
FromELF: creating hex file...
".\output\temp.axf" - 0 Error(s), 0 Warning(s).
Build target 'temp'
compiling main.c...
linking...
Program Size: Code=33482 RO-data=1390 RW-data=328 ZI-data=4872  
FromELF: creating hex file...
".\output\temp.axf" - 0 Error(s), 0 Warning(s).
Build target 'temp'
linking...
Program Size: Code=33482 RO-data=1390 RW-data=328 ZI-data=4872  
FromELF: creating hex file...
".\output\temp.axf" - 0 Error(s), 0 Warning(s).
Build target 'temp'
compiling main.c...
user\main.c(10): warning:  #177-D: variable "kv" was declared but never referenced
user\main.c:    u8 kv=0;
user\main.c:       ^
user\main.c: user\main.c: 1 warning, 0 errors
linking...
Program Size: Code=33462 RO-data=1390 RW-data=328 ZI-data=4872  
FromELF: creating hex file...
".\output\temp.axf" - 0 Error(s), 1 Warning(s).
Build target 'temp'
linking...
Program Size: Code=33462 RO-data=1390 RW-data=328 ZI-data=4872  
FromELF: creating hex file...
".\output\temp.axf" - 0 Error(s), 0 Warning(s).
Build target 'temp'
compiling Badapple_Player.c...
linking...
Program Size: Code=33462 RO-data=1390 RW-data=328 ZI-data=4872  
FromELF: creating hex file...
".\output\temp.axf" - 0 Error(s), 0 Warning(s).
Build target 'temp'
linking...
Program Size: Code=33462 RO-data=1390 RW-data=328 ZI-data=4872  
FromELF: creating hex file...
".\output\temp.axf" - 0 Error(s), 0 Warning(s).
Build target 'temp'
compiling Badapple_Player.c...
linking...
Program Size: Code=33462 RO-data=1390 RW-data=328 ZI-data=4872  
FromELF: creating hex file...
".\output\temp.axf" - 0 Error(s), 0 Warning(s).
Build target 'temp'
compiling Badapple_Player.c...
linking...
Program Size: Code=33458 RO-data=1390 RW-data=328 ZI-data=4872  
FromELF: creating hex file...
".\output\temp.axf" - 0 Error(s), 0 Warning(s).
Build target 'temp'
compiling main.c...
compiling Badapple_Player.c...
Moduel\Badapple_Player.c(22): warning:  #177-D: function "TIMER2_Init" was declared but never referenced
Moduel\Badapple_Player.c:   static void TIMER2_Init(u16 psr,u16 arr)                                    //使用定时器2（通用）,定时0.1s(10Hz)
Moduel\Badapple_Player.c:               ^
Moduel\Badapple_Player.c: Moduel\Badapple_Player.c: 1 warning, 0 errors
linking...
Program Size: Code=33462 RO-data=1390 RW-data=328 ZI-data=4872  
FromELF: creating hex file...
".\output\temp.axf" - 0 Error(s), 1 Warning(s).
Build target 'temp'
compiling Badapple_Player.c...
Moduel\Badapple_Player.c(22): warning:  #177-D: function "TIMER2_Init" was declared but never referenced
Moduel\Badapple_Player.c:   static void TIMER2_Init(u16 psr,u16 arr)                                    //使用定时器2（通用）,定时0.1s(10Hz)
Moduel\Badapple_Player.c:               ^
Moduel\Badapple_Player.c: Moduel\Badapple_Player.c: 1 warning, 0 errors
linking...
Program Size: Code=33498 RO-data=1390 RW-data=328 ZI-data=4872  
FromELF: creating hex file...
".\output\temp.axf" - 0 Error(s), 1 Warning(s).
Build target 'temp'
compiling main.c...
user\main.c(26): warning:  #69-D: integer conversion resulted in truncation
user\main.c:            BP_test(123456);
user\main.c:                    ^
user\main.c: user\main.c: 1 warning, 0 errors
compiling pixelC_HW_flagLight.c...
compiling pixelC_HW_Key.c...
compiling pixelC_HW_Port.c...
compiling pixelC_HW_SDcard.c...
compiling pixelC_HW_OLED.c...
compiling pixelC_HW_24C02.c...
compiling Badapple_Player.c...
Moduel\Badapple_Player.c(22): warning:  #177-D: function "TIMER2_Init" was declared but never referenced
Moduel\Badapple_Player.c:   static void TIMER2_Init(u16 psr,u16 arr)                                    //使用定时器2（通用）,定时0.1s(10Hz)
Moduel\Badapple_Player.c:               ^
Moduel\Badapple_Player.c: Moduel\Badapple_Player.c: 1 warning, 0 errors
compiling diskio.c...
linking...
Program Size: Code=33506 RO-data=1390 RW-data=328 ZI-data=4872  
FromELF: creating hex file...
".\output\temp.axf" - 0 Error(s), 2 Warning(s).
Build target 'temp'
compiling main.c...
linking...
Program Size: Code=33506 RO-data=1390 RW-data=328 ZI-data=4872  
FromELF: creating hex file...
".\output\temp.axf" - 0 Error(s), 0 Warning(s).
Build target 'temp'
compiling main.c...
compiling stm32f10x_it.c...
compiling pixelC_HW_flagLight.c...
compiling pixelC_HW_Key.c...
compiling pixelC_HW_Port.c...
compiling pixelC_HW_SDcard.c...
compiling pixelC_HW_OLED.c...
compiling pixelC_HW_24C02.c...
compiling SOLGUI_Hardware.c...
compiling SOLGUI_Common.c...
compiling Font4x6_ASCII.c...
compiling Font6x8_ASCII.c...
compiling Font8x8_ASCII.c...
compiling Font8x10_ASCII.c...
compiling SOLGUI_Printf.c...
compiling SOLGUI_GBasic.c...
compiling SOLGUI_Picture.c...
compiling SOLGUI_Menu.c...
compiling SOLGUI_Widget.c...
compiling Badapple_Player.c...
Moduel\Badapple_Player.c(22): warning:  #177-D: function "TIMER2_Init" was declared but never referenced
Moduel\Badapple_Player.c:   static void TIMER2_Init(u16 psr,u16 arr)                                    //使用定时器2（通用）,定时0.1s(10Hz)
Moduel\Badapple_Player.c:               ^
Moduel\Badapple_Player.c: Moduel\Badapple_Player.c: 1 warning, 0 errors
compiling system.c...
compiling malloc.c...
compiling delay.c...
compiling I2C.c...
compiling SPI.c...
compiling diskio.c...
compiling ff.c...
compiling stm32f10x_adc.c...
compiling stm32f10x_bkp.c...
compiling stm32f10x_can.c...
compiling stm32f10x_crc.c...
compiling stm32f10x_dac.c...
compiling stm32f10x_dbgmcu.c...
compiling stm32f10x_dma.c...
compiling stm32f10x_exti.c...
compiling stm32f10x_flash.c...
compiling stm32f10x_fsmc.c...
compiling stm32f10x_gpio.c...
compiling stm32f10x_i2c.c...
compiling stm32f10x_iwdg.c...
compiling stm32f10x_lib.c...
compiling stm32f10x_nvic.c...
compiling stm32f10x_pwr.c...
compiling stm32f10x_rcc.c...
compiling stm32f10x_rtc.c...
compiling stm32f10x_sdio.c...
compiling stm32f10x_spi.c...
compiling stm32f10x_systick.c...
compiling stm32f10x_tim.c...
compiling stm32f10x_usart.c...
compiling stm32f10x_wwdg.c...
assembling cortexm3_macro.s...
assembling stm32f10x_vector.s...
linking...
Program Size: Code=33506 RO-data=1390 RW-data=328 ZI-data=4872  
FromELF: creating hex file...
".\output\temp.axf" - 0 Error(s), 1 Warning(s).
Build target 'temp'
compiling Badapple_Player.c...
Moduel\Badapple_Player.c(22): warning:  #177-D: function "TIMER2_Init" was declared but never referenced
Moduel\Badapple_Player.c:   static void TIMER2_Init(u16 psr,u16 arr)                                    //使用定时器2（通用）,定时0.1s(10Hz)
Moduel\Badapple_Player.c:               ^
Moduel\Badapple_Player.c: Moduel\Badapple_Player.c: 1 warning, 0 errors
linking...
Program Size: Code=33502 RO-data=1390 RW-data=328 ZI-data=4872  
FromELF: creating hex file...
".\output\temp.axf" - 0 Error(s), 1 Warning(s).
Build target 'temp'
compiling Badapple_Player.c...
Moduel\Badapple_Player.c(22): warning:  #177-D: function "TIMER2_Init" was declared but never referenced
Moduel\Badapple_Player.c:   static void TIMER2_Init(u16 psr,u16 arr)                                    //使用定时器2（通用）,定时0.1s(10Hz)
Moduel\Badapple_Player.c:               ^
Moduel\Badapple_Player.c: Moduel\Badapple_Player.c: 1 warning, 0 errors
linking...
Program Size: Code=33514 RO-data=1390 RW-data=328 ZI-data=4872  
FromELF: creating hex file...
".\output\temp.axf" - 0 Error(s), 1 Warning(s).
Build target 'temp'
compiling Badapple_Player.c...
Moduel\Badapple_Player.c(22): warning:  #177-D: function "TIMER2_Init" was declared but never referenced
Moduel\Badapple_Player.c:   static void TIMER2_Init(u16 psr,u16 arr)                                    //使用定时器2（通用）,定时0.1s(10Hz)
Moduel\Badapple_Player.c:               ^
Moduel\Badapple_Player.c: Moduel\Badapple_Player.c: 1 warning, 0 errors
linking...
Program Size: Code=33514 RO-data=1390 RW-data=328 ZI-data=4872  
FromELF: creating hex file...
".\output\temp.axf" - 0 Error(s), 1 Warning(s).
Build target 'temp'
compiling Badapple_Player.c...
Moduel\Badapple_Player.c(22): warning:  #177-D: function "TIMER2_Init" was declared but never referenced
Moduel\Badapple_Player.c:   static void TIMER2_Init(u16 psr,u16 arr)                                    //使用定时器2（通用）,定时0.1s(10Hz)
Moduel\Badapple_Player.c:               ^
Moduel\Badapple_Player.c: Moduel\Badapple_Player.c: 1 warning, 0 errors
linking...
Program Size: Code=33514 RO-data=1390 RW-data=328 ZI-data=4872  
FromELF: creating hex file...
".\output\temp.axf" - 0 Error(s), 1 Warning(s).
Build target 'temp'
compiling Badapple_Player.c...
Moduel\Badapple_Player.c(22): warning:  #177-D: function "TIMER2_Init" was declared but never referenced
Moduel\Badapple_Player.c:   static void TIMER2_Init(u16 psr,u16 arr)                                    //使用定时器2（通用）,定时0.1s(10Hz)
Moduel\Badapple_Player.c:               ^
Moduel\Badapple_Player.c: Moduel\Badapple_Player.c: 1 warning, 0 errors
linking...
Program Size: Code=33514 RO-data=1390 RW-data=328 ZI-data=4872  
FromELF: creating hex file...
".\output\temp.axf" - 0 Error(s), 1 Warning(s).
Build target 'temp'
compiling main.c...
linking...
Program Size: Code=33506 RO-data=1390 RW-data=328 ZI-data=4872  
FromELF: creating hex file...
".\output\temp.axf" - 0 Error(s), 0 Warning(s).
Build target 'temp'
compiling Badapple_Player.c...
Moduel\Badapple_Player.c(22): warning:  #177-D: function "TIMER2_Init" was declared but never referenced
Moduel\Badapple_Player.c:   static void TIMER2_Init(u16 psr,u16 arr)                                    //使用定时器2（通用）,定时0.1s(10Hz)
Moduel\Badapple_Player.c:               ^
Moduel\Badapple_Player.c: Moduel\Badapple_Player.c: 1 warning, 0 errors
linking...
Program Size: Code=33490 RO-data=1390 RW-data=328 ZI-data=4872  
FromELF: creating hex file...
".\output\temp.axf" - 0 Error(s), 1 Warning(s).
Build target 'temp'
compiling main.c...
linking...
Program Size: Code=33498 RO-data=1390 RW-data=328 ZI-data=4872  
FromELF: creating hex file...
".\output\temp.axf" - 0 Error(s), 0 Warning(s).
Build target 'temp'
compiling Badapple_Player.c...
Moduel\Badapple_Player.c(93): error:  #167: argument of type "u16 *" is incompatible with parameter of type "UINT *"
Moduel\Badapple_Player.c:       f_read(&file,BP_Frame_cache,BP_FRAME_SIZE,&num);        //读取  
Moduel\Badapple_Player.c:                                                 ^
Moduel\Badapple_Player.c(23): warning:  #177-D: function "TIMER2_Init" was declared but never referenced
Moduel\Badapple_Player.c:   static void TIMER2_Init(u16 psr,u16 arr)                                    //使用定时器2（通用）,定时0.1s(10Hz)
Moduel\Badapple_Player.c:               ^
Moduel\Badapple_Player.c: Moduel\Badapple_Player.c: 1 warning, 1 error
Target not created
Build target 'temp'
compiling Badapple_Player.c...
Moduel\Badapple_Player.c(23): warning:  #177-D: function "TIMER2_Init" was declared but never referenced
Moduel\Badapple_Player.c:   static void TIMER2_Init(u16 psr,u16 arr)                                    //使用定时器2（通用）,定时0.1s(10Hz)
Moduel\Badapple_Player.c:               ^
Moduel\Badapple_Player.c: Moduel\Badapple_Player.c: 1 warning, 0 errors
linking...
Program Size: Code=33518 RO-data=1390 RW-data=332 ZI-data=4876  
FromELF: creating hex file...
".\output\temp.axf" - 0 Error(s), 1 Warning(s).
Build target 'temp'
compiling main.c...
compiling pixelC_HW_flagLight.c...
compiling pixelC_HW_Key.c...
compiling pixelC_HW_Port.c...
compiling pixelC_HW_SDcard.c...
compiling pixelC_HW_OLED.c...
compiling pixelC_HW_24C02.c...
compiling Badapple_Player.c...
compiling diskio.c...
linking...
Program Size: Code=33526 RO-data=1390 RW-data=332 ZI-data=4876  
FromELF: creating hex file...
".\output\temp.axf" - 0 Error(s), 0 Warning(s).
Build target 'temp'
compiling main.c...
user\main.c(10): warning:  #177-D: variable "kv" was declared but never referenced
user\main.c:    u8 kv=0;
user\main.c:       ^
user\main.c: user\main.c: 1 warning, 0 errors
linking...
Program Size: Code=33510 RO-data=1390 RW-data=332 ZI-data=4876  
FromELF: creating hex file...
".\output\temp.axf" - 0 Error(s), 1 Warning(s).
Build target 'temp'
compiling Badapple_Player.c...
linking...
Program Size: Code=33510 RO-data=1390 RW-data=332 ZI-data=4876  
FromELF: creating hex file...
".\output\temp.axf" - 0 Error(s), 0 Warning(s).
Build target 'temp'
compiling Badapple_Player.c...
linking...
Program Size: Code=33510 RO-data=1390 RW-data=332 ZI-data=4876  
FromELF: creating hex file...
".\output\temp.axf" - 0 Error(s), 0 Warning(s).
Build target 'temp'
compiling Badapple_Player.c...
linking...
Program Size: Code=33534 RO-data=1390 RW-data=332 ZI-data=4876  
FromELF: creating hex file...
".\output\temp.axf" - 0 Error(s), 0 Warning(s).
Build target 'temp'
compiling Badapple_Player.c...
linking...
Program Size: Code=33558 RO-data=1390 RW-data=332 ZI-data=4876  
FromELF: creating hex file...
".\output\temp.axf" - 0 Error(s), 0 Warning(s).
Build target 'temp'
compiling Badapple_Player.c...
linking...
Program Size: Code=33558 RO-data=1390 RW-data=332 ZI-data=4876  
FromELF: creating hex file...
".\output\temp.axf" - 0 Error(s), 0 Warning(s).
Build target 'temp'
compiling Badapple_Player.c...
linking...
Program Size: Code=33558 RO-data=1390 RW-data=332 ZI-data=4876  
FromELF: creating hex file...
".\output\temp.axf" - 0 Error(s), 0 Warning(s).
Build target 'temp'
compiling Badapple_Player.c...
linking...
Program Size: Code=33558 RO-data=1390 RW-data=332 ZI-data=4876  
FromELF: creating hex file...
".\output\temp.axf" - 0 Error(s), 0 Warning(s).
Build target 'temp'
compiling Badapple_Player.c...
linking...
Program Size: Code=33558 RO-data=1390 RW-data=332 ZI-data=4876  
FromELF: creating hex file...
".\output\temp.axf" - 0 Error(s), 0 Warning(s).
Build target 'temp'
compiling Badapple_Player.c...
linking...
Program Size: Code=33558 RO-data=1390 RW-data=332 ZI-data=4876  
FromELF: creating hex file...
".\output\temp.axf" - 0 Error(s), 0 Warning(s).
Build target 'temp'
compiling main.c...
user\main.c(10): warning:  #177-D: variable "kv" was declared but never referenced
user\main.c:    u8 kv=0;
user\main.c:       ^
user\main.c: user\main.c: 1 warning, 0 errors
linking...
Program Size: Code=33558 RO-data=1390 RW-data=332 ZI-data=4876  
FromELF: creating hex file...
".\output\temp.axf" - 0 Error(s), 1 Warning(s).
Build target 'temp'
compiling main.c...
linking...
Program Size: Code=33554 RO-data=1390 RW-data=332 ZI-data=4876  
FromELF: creating hex file...
".\output\temp.axf" - 0 Error(s), 0 Warning(s).
